Fri Apr 10 16:44:36 HKT 2026
$PROBLEM    Balan et al. in vitro dissolution — Hill in time
;           (formulation-specific T50,gamma ; shared EMAX)
$ABBREVIATED DERIV2=NO
$INPUT      ID TIME DV MDV EVID FORM
$DATA      balan_dissolution_nm.csv
$PRED
; Hill: Fdiss = EMAX * TIME^gamma / (T50^gamma + TIME^gamma)
IF (FORM.EQ.1) THEN
  T50 = THETA(1)
  GAM = THETA(2)
ELSE IF (FORM.EQ.2) THEN
  T50 = THETA(3)
  GAM = THETA(4)
ELSE
  T50 = THETA(5)
  GAM = THETA(6)
ENDIF
EMAX = THETA(7)
IF (TIME.LE.0) THEN
  FDISS = 0
ELSE
  TG = TIME**GAM
  TG50 = T50**GAM
  FDISS = EMAX * TG / (TG50 + TG)
ENDIF
IPRED = FDISS
; ETA(1) with OMEGA fixed ~0: forces population mode for $PRED (NM-TRAN else infers single-subject)
Y = IPRED * EXP(ETA(1)) * (1 + EPS(1)) + EPS(2)

$THETA  (0.01,0.45,5) ; T50 (h) formulation A3
 (0.1,2.5,12) ; Hill exponent A3
 (0.1,2.5,20) ; T50 (h) A7
 (0.1,2,12) ; Hill exponent A7
 (0.5,6,30) ; T50 (h) A15
 (0.1,1.5,12) ; Hill exponent A15
 (85,99.5,102) ; EMAX (% dissolved asymptote)
$OMEGA  1.E-30  FIX  ;     no IIV  ; needed with POPETAS=1
$SIGMA  0.0004  ; proportional error on %
 0.04  ; additive error (%)
$ESTIMATION METHOD=1 INTERACTION MAXEVAL=9999 SIGDIG=3 PRINT=5
$COVARIANCE PRINT=E UNCONDITIONAL
$TABLE      ID TIME MDV EVID DV PRED IPRED RES WRES CWRES FORM
            NOAPPEND FILE=sdtab1.dta FORMAT=s1PE23.15


NM-TRAN MESSAGES
  
 WARNINGS AND ERRORS (IF ANY) FOR PROBLEM    1
             
 (WARNING  2) NM-TRAN INFERS THAT THE DATA ARE POPULATION.

License Registered to: [REDACTED]
Expiration Date:    [REDACTED]
Current Date:       10 APR 2026
Days until program expires : 124
1NONLINEAR MIXED EFFECTS MODEL PROGRAM (NONMEM) VERSION 7.6.0 (nm760)
 ORIGINALLY DEVELOPED BY STUART BEAL, LEWIS SHEINER, AND ALISON BOECKMANN
 CURRENT DEVELOPERS ARE ROBERT BAUER, ICON DEVELOPMENT SOLUTIONS,
 AND ALISON BOECKMANN. IMPLEMENTATION, EFFICIENCY, AND STANDARDIZATION
 PERFORMED BY NOUS INFOSYSTEMS.

 PROBLEM NO.:         1
 Balan et al. in vitro dissolution — Hill in time
0DATA CHECKOUT RUN:              NO
 DATA SET LOCATED ON UNIT NO.:    2
 THIS UNIT TO BE REWOUND:        NO
 CREATE/ADD TO FDATA.csv:        YES
 NO. OF DATA RECS IN DATA SET:       54
 NO. OF DATA ITEMS IN DATA SET:   6
 ID DATA ITEM IS DATA ITEM NO.:   1
 DEP VARIABLE IS DATA ITEM NO.:   3
 MDV DATA ITEM IS DATA ITEM NO.:  4
0LABELS FOR DATA ITEMS:
 ID TIME DV MDV EVID FORM
0(NONBLANK) LABELS FOR PRED-DEFINED ITEMS:
 IPRED
0FORMAT FOR DATA:
 (6E8.0)

 TOT. NO. OF OBS RECS:       54
 TOT. NO. OF INDIVIDUALS:        3
0LENGTH OF THETA:   7
0DEFAULT THETA BOUNDARY TEST OMITTED:    NO
0OMEGA HAS SIMPLE DIAGONAL FORM WITH DIMENSION:   1
0DEFAULT OMEGA BOUNDARY TEST OMITTED:    NO
0SIGMA HAS SIMPLE DIAGONAL FORM WITH DIMENSION:   2
0DEFAULT SIGMA BOUNDARY TEST OMITTED:    NO
0INITIAL ESTIMATE OF THETA:
 LOWER BOUND    INITIAL EST    UPPER BOUND
  0.1000E-01     0.4500E+00     0.5000E+01
  0.1000E+00     0.2500E+01     0.1200E+02
  0.1000E+00     0.2500E+01     0.2000E+02
  0.1000E+00     0.2000E+01     0.1200E+02
  0.5000E+00     0.6000E+01     0.3000E+02
  0.1000E+00     0.1500E+01     0.1200E+02
  0.8500E+02     0.9950E+02     0.1020E+03
0INITIAL ESTIMATE OF OMEGA:
 0.1000E-29
0OMEGA CONSTRAINED TO BE THIS INITIAL ESTIMATE
0INITIAL ESTIMATE OF SIGMA:
 0.4000E-03
 0.0000E+00   0.4000E-01
0COVARIANCE STEP OMITTED:        NO
 EIGENVLS. PRINTED:             YES
 SPECIAL COMPUTATION:            NO
 COMPRESSED FORMAT:              NO
 GRADIENT METHOD USED:     NOSLOW
 SIGDIGITS ETAHAT (SIGLO):                  -1
 SIGDIGITS GRADIENTS (SIGL):                -1
 EXCLUDE COV FOR FOCE (NOFCOV):              NO
 Cholesky Transposition of R Matrix (CHOLROFF):0
 KNUTHSUMOFF:                                -1
 RESUME COV ANALYSIS (RESUME):               NO
 SIR SAMPLE SIZE (SIRSAMPLE):
 NON-LINEARLY TRANSFORM THETAS DURING COV (THBND): 1
 PRECONDTIONING CYCLES (PRECOND):        0
 PRECONDTIONING TYPES (PRECONDS):        TOS
 FORCED PRECONDTIONING CYCLES (PFCOND):0
 PRECONDTIONING TYPE (PRETYPE):        0
 FORCED POS. DEFINITE SETTING DURING PRECONDITIONING: (FPOSDEF):0
 SIMPLE POS. DEFINITE SETTING: (POSDEF):-1
0TABLES STEP OMITTED:    NO
 NO. OF TABLES:           1
 SEED NUMBER (SEED):    11456
 NPDTYPE:    0
 INTERPTYPE:    0
 RANMETHOD:             3U
 MC SAMPLES (ESAMPLE):    300
 WRES SQUARE ROOT TYPE (WRESCHOL): EIGENVALUE
0-- TABLE   1 --
0RECORDS ONLY:    ALL
04 COLUMNS APPENDED:    NO
 PRINTED:               YES
 FOR TABLE FILE,
 HEADER:                YES
 FILE TO BE FORWARDED:   NO
 FORMAT:                s1PE23.15
 IDFORMAT:
 LFORMAT:
 RFORMAT:
 FIXED_EFFECT_ETAS:
0USER-CHOSEN ITEMS:
 ID TIME MDV EVID DV PRED IPRED RES WRES CWRES FORM
0WARNING: THE NUMBER OF PARAMETERS TO BE ESTIMATED
 EXCEEDS THE NUMBER OF INDIVIDUALS WITH DATA.
1


 #TBLN:      1
 #METH: First Order Conditional Estimation with Interaction

 ESTIMATION STEP OMITTED:                 NO
 SHRINK INFO WITH EVALUATION (EVALSHRINK) NO
 ANALYSIS TYPE:                           POPULATION
 NUMBER OF SADDLE POINT RESET ITERATIONS:      0
 GRADIENT METHOD USED:               NOSLOW
 CONDITIONAL ESTIMATES USED:              YES
 CENTERED ETA:                            NO
 EPS-ETA INTERACTION:                     YES
 LAPLACIAN OBJ. FUNC.:                    NO
 NO. OF FUNCT. EVALS. ALLOWED:            9999
 NO. OF SIG. FIGURES REQUIRED:            3
 INTERMEDIATE PRINTOUT:                   YES
 ESTIMATE OUTPUT TO MSF:                  NO
 IND. OBJ. FUNC. VALUES SORTED:           NO
 NUMERICAL DERIVATIVE
       FILE REQUEST (NUMDER):               NONE
 MAP (ETAHAT) ESTIMATION METHOD (OPTMAP):   0
 ETA HESSIAN EVALUATION METHOD (ETADER):    0
 INITIAL ETA FOR MAP ESTIMATION (MCETA):    0
 SIGDIGITS FOR MAP ESTIMATION (SIGLO):      100
 GRADIENT SIGDIGITS OF
       FIXED EFFECTS PARAMETERS (SIGL):     100
 NOPRIOR SETTING (NOPRIOR):                 0
 NOCOV SETTING (NOCOV):                     OFF
 DERCONT SETTING (DERCONT):                 OFF
 FINAL ETA RE-EVALUATION (FNLETA):          1
 EXCLUDE NON-INFLUENTIAL (NON-INFL.) ETAS
       IN SHRINKAGE (ETASTYPE):             NO
 NON-INFL. ETA CORRECTION (NONINFETA):      0
 RAW OUTPUT FILE (FILE): psn.ext
 EXCLUDE TITLE (NOTITLE):                   NO
 EXCLUDE COLUMN LABELS (NOLABEL):           NO
 FORMAT FOR ADDITIONAL FILES (FORMAT):      S1PE12.5
 PARAMETER ORDER FOR OUTPUTS (ORDER):       TSOL
 KNUTHSUMOFF:                               0
 INCLUDE LNTWOPI:                           NO
 INCLUDE CONSTANT TERM TO PRIOR (PRIORC):   NO
 INCLUDE CONSTANT TERM TO OMEGA (ETA) (OLNTWOPI):NO
 ADDITIONAL CONVERGENCE TEST (CTYPE=4)?:    NO
 EM OR BAYESIAN METHOD USED:                 NONE


 THE FOLLOWING LABELS ARE EQUIVALENT
 PRED=PREDI
 RES=RESI
 WRES=WRESI
 IWRS=IWRESI
 IPRD=IPREDI
 IRS=IRESI

 MONITORING OF SEARCH:


0ITERATION NO.:    0    OBJECTIVE VALUE:   3120.40445272495        NO. OF FUNC. EVALS.:  11
 CUMULATIVE NO. OF FUNC. EVALS.:       11
 NPARAMETR:  4.5000E-01  2.5000E+00  2.5000E+00  2.0000E+00  6.0000E+00  1.5000E+00  9.9500E+01  4.0000E-04  4.0000E-02
 PARAMETER:  1.0000E-01  1.0000E-01  1.0000E-01  1.0000E-01  1.0000E-01  1.0000E-01  1.0000E-01  1.0000E-01  1.0000E-01
 GRADIENT:  -8.8690E+02  2.9291E+02  7.9786E+03  6.7404E+03  7.3207E+03 -4.8875E+02 -4.1174E+02 -4.1699E+03 -1.9343E+03

0ITERATION NO.:    5    OBJECTIVE VALUE:   229.372702390715        NO. OF FUNC. EVALS.:  63
 CUMULATIVE NO. OF FUNC. EVALS.:       74
 NPARAMETR:  5.7269E-01  2.1787E+00  2.2504E+00  1.5272E+00  4.2078E+00  2.3009E+00  9.9516E+01  2.3069E-03  7.6672E-02
 PARAMETER:  3.7328E-01 -7.7017E-02 -2.3995E-02 -2.3234E-01 -3.6631E-01  6.3172E-01  1.0767E-01  9.7610E-01  4.2533E-01
 GRADIENT:   8.6940E+01  4.9510E+01  2.4443E+01 -8.4727E+01  6.0655E+02  9.6163E+02 -5.2338E+00 -9.7302E+01 -3.8802E+01

0ITERATION NO.:   10    OBJECTIVE VALUE:   160.387316562539        NO. OF FUNC. EVALS.:  63
 CUMULATIVE NO. OF FUNC. EVALS.:      137
 NPARAMETR:  5.3949E-01  1.3172E+00  2.2220E+00  1.7120E+00  4.3906E+00  2.2053E+00  9.9722E+01  6.5834E-04  3.7212E+00
 PARAMETER:  3.0500E-01 -6.9624E-01 -3.8891E-02 -9.2741E-02 -3.1108E-01  5.7751E-01  2.0824E-01  3.4913E-01  2.3665E+00
 GRADIENT:   7.8851E+01 -1.0774E+02  1.9314E+01 -5.4237E+01 -1.4064E+02  2.0629E+02 -9.5911E+00 -2.7249E+00  4.1333E+00

0ITERATION NO.:   15    OBJECTIVE VALUE:   108.974947121559        NO. OF FUNC. EVALS.:  62
 CUMULATIVE NO. OF FUNC. EVALS.:      199
 NPARAMETR:  5.4701E-01  1.5884E+00  2.2628E+00  1.7208E+00  4.6408E+00  1.9662E+00  1.0065E+02  5.4553E-04  1.2443E+00
 PARAMETER:  3.2079E-01 -4.6940E-01 -1.7503E-02 -8.6490E-02 -2.3896E-01  4.3284E-01  7.9473E-01  2.5515E-01  1.8187E+00
 GRADIENT:  -6.4229E+00  2.4418E+01  4.5625E+01 -4.8859E-01  1.6797E+02  1.9285E+02 -2.9695E+00  3.4995E+01  3.7349E+00

0ITERATION NO.:   20    OBJECTIVE VALUE:   77.3397353819143        NO. OF FUNC. EVALS.:  60
 CUMULATIVE NO. OF FUNC. EVALS.:      259
 NPARAMETR:  5.4889E-01  1.4937E+00  2.2735E+00  1.7329E+00  4.6307E+00  1.8178E+00  1.0134E+02  1.4613E-04  1.1119E+00
 PARAMETER:  3.2472E-01 -5.4422E-01 -1.1990E-02 -7.7886E-02 -2.4180E-01  3.3534E-01  1.5563E+00 -4.0349E-01  1.7625E+00
 GRADIENT:  -1.8485E-01  5.4756E+00 -4.6292E+00 -1.5522E+01  7.1024E+01  9.8564E+00 -1.0660E+00  1.5020E+01  9.0651E+00

0ITERATION NO.:   25    OBJECTIVE VALUE:   73.6446876939773        NO. OF FUNC. EVALS.:  61
 CUMULATIVE NO. OF FUNC. EVALS.:      320
 NPARAMETR:  5.4925E-01  1.4655E+00  2.2915E+00  1.7516E+00  4.5985E+00  1.7859E+00  1.0156E+02  6.4540E-05  1.1721E+00
 PARAMETER:  3.2546E-01 -5.6734E-01 -2.7520E-03 -6.4664E-02 -2.5089E-01  3.1342E-01  1.9775E+00 -8.1209E-01  1.7888E+00
 GRADIENT:   9.6389E+00 -1.5255E+01  2.1851E+01  7.2291E+00 -5.9807E+01 -2.4642E+01  9.2315E-01  6.0250E+00  2.1095E+00

0ITERATION NO.:   30    OBJECTIVE VALUE:   70.8945567945699        NO. OF FUNC. EVALS.:  61
 CUMULATIVE NO. OF FUNC. EVALS.:      381
 NPARAMETR:  5.4921E-01  1.5194E+00  2.2777E+00  1.7880E+00  4.5772E+00  1.7984E+00  1.0111E+02  1.7206E-05  1.3120E+00
 PARAMETER:  3.2537E-01 -5.2345E-01 -9.8077E-03 -3.9295E-02 -2.5694E-01  3.2207E-01  1.2358E+00 -1.4731E+00  1.8452E+00
 GRADIENT:  -6.3474E+00  2.2412E+00  1.6187E+01  1.5595E+01 -2.3681E+01 -1.1594E+01 -6.3461E-01  1.9268E+00  2.0436E+00

0ITERATION NO.:   35    OBJECTIVE VALUE:   69.9612814576561        NO. OF FUNC. EVALS.:  60
 CUMULATIVE NO. OF FUNC. EVALS.:      441
 NPARAMETR:  5.5062E-01  1.5172E+00  2.2732E+00  1.7818E+00  4.5877E+00  1.7979E+00  1.0116E+02  8.8730E-07  1.3455E+00
 PARAMETER:  3.2830E-01 -5.2522E-01 -1.2127E-02 -4.3591E-02 -2.5395E-01  3.2171E-01  1.3029E+00 -2.9555E+00  1.8578E+00
 GRADIENT:  -1.3732E-01 -8.1972E-01 -9.7247E+00 -1.5499E+00 -5.5956E-01 -2.9300E+00 -1.3967E-01  8.1988E-02  6.8265E-01

0ITERATION NO.:   40    OBJECTIVE VALUE:   69.9114986629098        NO. OF FUNC. EVALS.:  60
 CUMULATIVE NO. OF FUNC. EVALS.:      501
 NPARAMETR:  5.5080E-01  1.5172E+00  2.2758E+00  1.7829E+00  4.5888E+00  1.7983E+00  1.0117E+02  4.0000E-08  1.3399E+00
 PARAMETER:  3.2868E-01 -5.2527E-01 -1.0799E-02 -4.2786E-02 -2.5363E-01  3.2201E-01  1.3156E+00 -4.5243E+00  1.8557E+00
 GRADIENT:  -2.1284E-02 -1.0159E-01 -2.0635E-01  9.3435E-02 -1.8706E-01 -4.5167E-02 -6.4259E-03  0.0000E+00 -9.5873E-03

0ITERATION NO.:   43    OBJECTIVE VALUE:   69.9106702703558        NO. OF FUNC. EVALS.:  70
 CUMULATIVE NO. OF FUNC. EVALS.:      571
 NPARAMETR:  5.5112E-01  1.5182E+00  2.2761E+00  1.7832E+00  4.5897E+00  1.7988E+00  1.0117E+02  4.0000E-08  1.3427E+00
 PARAMETER:  3.2934E-01 -5.2445E-01 -1.0656E-02 -4.2618E-02 -2.5338E-01  3.2234E-01  1.3165E+00 -4.5175E+00  1.8568E+00
 GRADIENT:   2.4851E-01  4.4160E-02  1.8165E-01  4.0600E-01  3.5215E-01  2.6164E-01  1.2362E-02  0.0000E+00  1.6470E-02

 #TERM:
0MINIMIZATION SUCCESSFUL
 NO. OF FUNCTION EVALUATIONS USED:      571
 NO. OF SIG. DIGITS IN FINAL EST.:  3.1
0PARAMETER ESTIMATE IS NEAR ITS BOUNDARY

 ETABAR IS THE ARITHMETIC MEAN OF THE ETA-ESTIMATES,
 AND THE P-VALUE IS GIVEN FOR THE NULL HYPOTHESIS THAT THE TRUE MEAN IS 0.

 ETABAR:         0.0000E+00
 SE:             0.0000E+00
 N:                       3

 P VAL.:         1.0000E+00

 ETASHRINKSD(%)  1.0000E+02
 ETASHRINKVR(%)  1.0000E+02
 EBVSHRINKSD(%)  1.0000E+02
 EBVSHRINKVR(%)  1.0000E+02
 RELATIVEINF(%)  0.0000E+00
 EPSSHRINKSD(%)  1.0000E-10  9.4249E-03
 EPSSHRINKVR(%)  1.0000E-10  1.8849E-02

  
 TOTAL DATA POINTS NORMALLY DISTRIBUTED (N):           54
 N*LOG(2PI) CONSTANT TO OBJECTIVE FUNCTION:    99.245361586104650     
 OBJECTIVE FUNCTION VALUE WITHOUT CONSTANT:    69.910670270355837     
 OBJECTIVE FUNCTION VALUE WITH CONSTANT:       169.15603185646049     
 REPORTED OBJECTIVE FUNCTION DOES NOT CONTAIN CONSTANT
  
 TOTAL EFFECTIVE ETAS (NIND*NETA):                             3
  
 #TERE:
 Elapsed estimation  time in seconds:     0.02
0R MATRIX ALGORITHMICALLY SINGULAR
0COVARIANCE MATRIX UNOBTAINABLE
0R MATRIX IS OUTPUT
0S MATRIX ALGORITHMICALLY SINGULAR
0S MATRIX IS OUTPUT
0T MATRIX - EQUAL TO RS*RMAT, WHERE S* IS A PSEUDO INVERSE OF S - IS OUTPUT
 Elapsed covariance  time in seconds:     0.01
 Elapsed postprocess time in seconds:     0.00
1
 
 
 
 
 
 
 
 
 
 
 
 
 
 
 
 
 
 
 
 
 ************************************************************************************************************************
 ********************                                                                                ********************
 ********************               FIRST ORDER CONDITIONAL ESTIMATION WITH INTERACTION              ********************
 #OBJT:**************                       MINIMUM VALUE OF OBJECTIVE FUNCTION                      ********************
 ********************                                                                                ********************
 ************************************************************************************************************************
 





 #OBJV:********************************************            69.911       *********************************************
1
 ************************************************************************************************************************
 ********************                                                                                ********************
 ********************               FIRST ORDER CONDITIONAL ESTIMATION WITH INTERACTION              ********************
 ********************                             FINAL PARAMETER ESTIMATE                           ********************
 ********************                                                                                ********************
 ************************************************************************************************************************
 


 THETA - VECTOR OF FIXED EFFECTS PARAMETERS   *********


         TH 1      TH 2      TH 3      TH 4      TH 5      TH 6      TH 7     
 
         5.51E-01  1.52E+00  2.28E+00  1.78E+00  4.59E+00  1.80E+00  1.01E+02
 


 OMEGA - COV MATRIX FOR RANDOM EFFECTS - ETAS  ********


         ETA1     
 
 ETA1
+        1.00E-30
 


 SIGMA - COV MATRIX FOR RANDOM EFFECTS - EPSILONS  ****


         EPS1      EPS2     
 
 EPS1
+        4.00E-08
 
 EPS2
+        0.00E+00  1.34E+00
 
1


 OMEGA - CORR MATRIX FOR RANDOM EFFECTS - ETAS  *******


         ETA1     
 
 ETA1
+        1.00E-15
 


 SIGMA - CORR MATRIX FOR RANDOM EFFECTS - EPSILONS  ***


         EPS1      EPS2     
 
 EPS1
+        2.00E-04
 
 EPS2
+        0.00E+00  1.16E+00
 
1
 ************************************************************************************************************************
 ********************                                                                                ********************
 ********************               FIRST ORDER CONDITIONAL ESTIMATION WITH INTERACTION              ********************
 ********************                                     T MATRIX                                   ********************
 ********************                                                                                ********************
 ************************************************************************************************************************
 

            TH 1      TH 2      TH 3      TH 4      TH 5      TH 6      TH 7      OM11      SG11      SG12      SG22  
 
 TH 1
+        1.91E+05
 
 TH 2
+       -4.07E+04  8.72E+03
 
 TH 3
+        9.17E+03 -2.01E+03  5.34E+02
 
 TH 4
+       -9.94E+03  2.16E+03 -5.40E+02  5.59E+02
 
 TH 5
+        5.43E+03 -1.19E+03  3.18E+02 -3.21E+02  1.90E+02
 
 TH 6
+       -1.45E+04  3.15E+03 -7.88E+02  8.16E+02 -4.68E+02  1.19E+03
 
 TH 7
+       -6.42E+03  1.38E+03 -3.36E+02  3.52E+02 -1.99E+02  5.15E+02  2.24E+02
 
 OM11
+       ......... ......... ......... ......... ......... ......... ......... .........
 
 SG11
+        0.00E+00  0.00E+00  0.00E+00  0.00E+00  0.00E+00  0.00E+00  0.00E+00 .........  0.00E+00
 
 SG12
+       ......... ......... ......... ......... ......... ......... ......... ......... ......... .........
 
 SG22
+        2.58E+03 -5.43E+02  1.10E+02 -1.25E+02  6.47E+01 -1.83E+02 -8.27E+01 .........  0.00E+00 .........  3.73E+01
 
1
 ************************************************************************************************************************
 ********************                                                                                ********************
 ********************               FIRST ORDER CONDITIONAL ESTIMATION WITH INTERACTION              ********************
 ********************                                     R MATRIX                                   ********************
 ********************                                                                                ********************
 ************************************************************************************************************************
 

            TH 1      TH 2      TH 3      TH 4      TH 5      TH 6      TH 7      OM11      SG11      SG12      SG22  
 
 TH 1
+        8.45E+03
 
 TH 2
+       -1.60E+03  7.56E+02
 
 TH 3
+        5.77E-08  0.00E+00  1.43E+03
 
 TH 4
+        0.00E+00 -1.88E-08 -4.61E+02  1.13E+03
 
 TH 5
+        0.00E+00 -3.04E-09  0.00E+00  1.38E-08  5.37E+02
 
 TH 6
+        2.38E-08  0.00E+00  1.95E-08  0.00E+00 -2.61E+02  1.21E+03
 
 TH 7
+       -1.52E+02  6.89E+01 -7.08E+01  7.03E+01 -4.38E+01  5.84E+01  2.41E+01
 
 OM11
+       ......... ......... ......... ......... ......... ......... ......... .........
 
 SG11
+        0.00E+00  0.00E+00  0.00E+00  0.00E+00  0.00E+00  0.00E+00  0.00E+00 .........  0.00E+00
 
 SG12
+       ......... ......... ......... ......... ......... ......... ......... ......... ......... .........
 
 SG22
+       -1.93E-01 -1.51E-02 -3.35E-02 -1.14E-01 -3.76E-02 -6.05E-02 -5.80E-03 .........  0.00E+00 .........  1.50E+01
 
1
 ************************************************************************************************************************
 ********************                                                                                ********************
 ********************               FIRST ORDER CONDITIONAL ESTIMATION WITH INTERACTION              ********************
 ********************                                     S MATRIX                                   ********************
 ********************                                                                                ********************
 ************************************************************************************************************************
 

            TH 1      TH 2      TH 3      TH 4      TH 5      TH 6      TH 7      OM11      SG11      SG12      SG22  
 
 TH 1
+        6.63E-02
 
 TH 2
+        4.55E-03  3.12E-04
 
 TH 3
+        0.00E+00  0.00E+00  2.20E-03
 
 TH 4
+        0.00E+00  0.00E+00  6.58E-03  1.97E-02
 
 TH 5
+        0.00E+00  0.00E+00  0.00E+00  0.00E+00  2.50E-03
 
 TH 6
+        0.00E+00  0.00E+00  0.00E+00  0.00E+00  4.49E-03  8.07E-03
 
 TH 7
+        2.11E-01  1.45E-02 -1.78E-01 -5.32E-01  1.49E-01  2.68E-01  2.39E+01
 
 OM11
+       ......... ......... ......... ......... ......... ......... ......... .........
 
 SG11
+        0.00E+00  0.00E+00  0.00E+00  0.00E+00  0.00E+00  0.00E+00  0.00E+00 .........  0.00E+00
 
 SG12
+       ......... ......... ......... ......... ......... ......... ......... ......... ......... .........
 
 SG22
+        6.31E-01  4.33E-02 -1.40E-01 -4.20E-01  2.71E-02  4.87E-02  1.49E+01 .........  0.00E+00 .........  1.52E+01
 
1
 
 
 
 
 
 
 
 
 
 
 
 
 
 
 
 
 
 
 
 
 ************************************************************************************************************************
 ********************                                                                                ********************
 ********************               FIRST ORDER CONDITIONAL ESTIMATION WITH INTERACTION              ********************
 ********************                          TABLES OF DATA AND PREDICTIONS                        ********************
 ********************                                                                                ********************
 ************************************************************************************************************************
 
1TABLE NO.  1



 LINE NO.ID        TIME      MDV       EVID      DV        PRED      IPRED     RES       WRES      CWRES     FORM     
 
     1
+        1.00E+00  0.00E+00  0.00E+00  0.00E+00  0.00E+00  0.00E+00  0.00E+00  0.00E+00  0.00E+00  0.00E+00  1.00E+00
 
     2
+        1.00E+00  5.00E-01  0.00E+00  0.00E+00  4.81E+01  4.69E+01  4.69E+01  1.20E+00  1.03E+00  1.03E+00  1.00E+00
 
     3
+        1.00E+00  1.00E+00  0.00E+00  0.00E+00  6.96E+01  7.20E+01  7.20E+01 -2.39E+00 -2.06E+00 -2.06E+00  1.00E+00
 
     4
+        1.00E+00  1.50E+00  0.00E+00  0.00E+00  8.26E+01  8.30E+01  8.30E+01 -4.08E-01 -3.52E-01 -3.52E-01  1.00E+00
 
     5
+        1.00E+00  2.00E+00  0.00E+00  0.00E+00  8.95E+01  8.86E+01  8.86E+01  8.69E-01  7.50E-01  7.50E-01  1.00E+00
 
     6
+        1.00E+00  3.00E+00  0.00E+00  0.00E+00  9.56E+01  9.40E+01  9.40E+01  1.58E+00  1.36E+00  1.36E+00  1.00E+00
 
     7
+        1.00E+00  4.00E+00  0.00E+00  0.00E+00  9.76E+01  9.64E+01  9.64E+01  1.17E+00  1.01E+00  1.01E+00  1.00E+00
 
     8
+        1.00E+00  5.00E+00  0.00E+00  0.00E+00  9.86E+01  9.77E+01  9.77E+01  8.43E-01  7.28E-01  7.28E-01  1.00E+00
 
     9
+        1.00E+00  6.00E+00  0.00E+00  0.00E+00  9.89E+01  9.85E+01  9.85E+01  3.58E-01  3.09E-01  3.09E-01  1.00E+00
 
    10
+        1.00E+00  7.00E+00  0.00E+00  0.00E+00  9.91E+01  9.91E+01  9.91E+01 -2.49E-02 -2.15E-02 -2.15E-02  1.00E+00
 
    11
+        1.00E+00  8.00E+00  0.00E+00  0.00E+00  9.92E+01  9.95E+01  9.95E+01 -2.47E-01 -2.13E-01 -2.13E-01  1.00E+00
 
    12
+        1.00E+00  9.00E+00  0.00E+00  0.00E+00  9.94E+01  9.97E+01  9.97E+01 -3.69E-01 -3.19E-01 -3.19E-01  1.00E+00
 
    13
+        1.00E+00  1.00E+01  0.00E+00  0.00E+00  9.95E+01  9.99E+01  9.99E+01 -4.25E-01 -3.66E-01 -3.66E-01  1.00E+00
 
    14
+        1.00E+00  1.10E+01  0.00E+00  0.00E+00  9.98E+01  1.00E+02  1.00E+02 -2.64E-01 -2.28E-01 -2.28E-01  1.00E+00
 
    15
+        1.00E+00  1.20E+01  0.00E+00  0.00E+00  9.98E+01  1.00E+02  1.00E+02 -4.09E-01 -3.53E-01 -3.53E-01  1.00E+00
 
    16
+        1.00E+00  1.50E+01  0.00E+00  0.00E+00  9.98E+01  1.01E+02  1.01E+02 -7.17E-01 -6.19E-01 -6.19E-01  1.00E+00
 
    17
+        1.00E+00  1.80E+01  0.00E+00  0.00E+00  9.99E+01  1.01E+02  1.01E+02 -7.52E-01 -6.49E-01 -6.49E-01  1.00E+00
 
    18
+        1.00E+00  2.20E+01  0.00E+00  0.00E+00  9.99E+01  1.01E+02  1.01E+02 -9.41E-01 -8.12E-01 -8.12E-01  1.00E+00
 
    19
+        2.00E+00  0.00E+00  0.00E+00  0.00E+00  0.00E+00  0.00E+00  0.00E+00  0.00E+00  0.00E+00  0.00E+00  2.00E+00
 
    20
+        2.00E+00  5.00E-01  0.00E+00  0.00E+00  9.61E+00  6.36E+00  6.36E+00  3.25E+00  2.80E+00  2.80E+00  2.00E+00
 
    21
+        2.00E+00  1.00E+00  0.00E+00  0.00E+00  2.16E+01  1.90E+01  1.90E+01  2.61E+00  2.25E+00  2.25E+00  2.00E+00
 
    22
+        2.00E+00  1.50E+00  0.00E+00  0.00E+00  3.25E+01  3.26E+01  3.26E+01 -7.49E-02 -6.46E-02 -6.46E-02  2.00E+00
 
    23
+        2.00E+00  2.00E+00  0.00E+00  0.00E+00  4.28E+01  4.48E+01  4.48E+01 -1.97E+00 -1.70E+00 -1.70E+00  2.00E+00
 
    24
+        2.00E+00  3.00E+00  0.00E+00  0.00E+00  6.03E+01  6.28E+01  6.28E+01 -2.47E+00 -2.13E+00 -2.13E+00  2.00E+00
 
    25
+        2.00E+00  4.00E+00  0.00E+00  0.00E+00  7.33E+01  7.41E+01  7.41E+01 -7.72E-01 -6.66E-01 -6.66E-01  2.00E+00
 
1

 LINE NO.ID        TIME      MDV       EVID      DV        PRED      IPRED     RES       WRES      CWRES     FORM     
 
    26
+        2.00E+00  5.00E+00  0.00E+00  0.00E+00  8.17E+01  8.12E+01  8.12E+01  5.04E-01  4.35E-01  4.35E-01  2.00E+00
 
    27
+        2.00E+00  6.00E+00  0.00E+00  0.00E+00  8.69E+01  8.59E+01  8.59E+01  1.01E+00  8.74E-01  8.74E-01  2.00E+00
 
    28
+        2.00E+00  7.00E+00  0.00E+00  0.00E+00  9.03E+01  8.91E+01  8.91E+01  1.14E+00  9.85E-01  9.85E-01  2.00E+00
 
    29
+        2.00E+00  8.00E+00  0.00E+00  0.00E+00  9.25E+01  9.15E+01  9.15E+01  1.02E+00  8.77E-01  8.77E-01  2.00E+00
 
    30
+        2.00E+00  9.00E+00  0.00E+00  0.00E+00  9.43E+01  9.31E+01  9.31E+01  1.16E+00  1.00E+00  1.00E+00  2.00E+00
 
    31
+        2.00E+00  1.00E+01  0.00E+00  0.00E+00  9.53E+01  9.44E+01  9.44E+01  8.76E-01  7.56E-01  7.56E-01  2.00E+00
 
    32
+        2.00E+00  1.10E+01  0.00E+00  0.00E+00  9.61E+01  9.54E+01  9.54E+01  7.11E-01  6.14E-01  6.14E-01  2.00E+00
 
    33
+        2.00E+00  1.20E+01  0.00E+00  0.00E+00  9.68E+01  9.62E+01  9.62E+01  5.86E-01  5.06E-01  5.06E-01  2.00E+00
 
    34
+        2.00E+00  1.50E+01  0.00E+00  0.00E+00  9.81E+01  9.78E+01  9.78E+01  3.18E-01  2.74E-01  2.74E-01  2.00E+00
 
    35
+        2.00E+00  1.80E+01  0.00E+00  0.00E+00  9.91E+01  9.87E+01  9.87E+01  3.70E-01  3.19E-01  3.19E-01  2.00E+00
 
    36
+        2.00E+00  2.20E+01  0.00E+00  0.00E+00  9.99E+01  9.94E+01  9.94E+01  4.26E-01  3.68E-01  3.68E-01  2.00E+00
 
    37
+        3.00E+00  0.00E+00  0.00E+00  0.00E+00  0.00E+00  0.00E+00  0.00E+00  0.00E+00  0.00E+00  0.00E+00  3.00E+00
 
    38
+        3.00E+00  5.00E-01  0.00E+00  0.00E+00  1.17E+00  1.84E+00  1.84E+00 -6.67E-01 -5.76E-01 -5.76E-01  3.00E+00
 
    39
+        3.00E+00  1.00E+00  0.00E+00  0.00E+00  4.71E+00  6.13E+00  6.13E+00 -1.42E+00 -1.23E+00 -1.23E+00  3.00E+00
 
    40
+        3.00E+00  1.50E+00  0.00E+00  0.00E+00  1.13E+01  1.19E+01  1.19E+01 -6.59E-01 -5.68E-01 -5.68E-01  3.00E+00
 
    41
+        3.00E+00  2.00E+00  0.00E+00  0.00E+00  1.84E+01  1.85E+01  1.85E+01 -1.90E-01 -1.64E-01 -1.64E-01  3.00E+00
 
    42
+        3.00E+00  3.00E+00  0.00E+00  0.00E+00  3.18E+01  3.21E+01  3.21E+01 -3.01E-01 -2.60E-01 -2.60E-01  3.00E+00
 
    43
+        3.00E+00  4.00E+00  0.00E+00  0.00E+00  4.41E+01  4.44E+01  4.44E+01 -2.36E-01 -2.03E-01 -2.03E-01  3.00E+00
 
    44
+        3.00E+00  5.00E+00  0.00E+00  0.00E+00  5.47E+01  5.45E+01  5.45E+01  2.61E-01  2.25E-01  2.25E-01  3.00E+00
 
    45
+        3.00E+00  6.00E+00  0.00E+00  0.00E+00  6.32E+01  6.25E+01  6.25E+01  6.06E-01  5.23E-01  5.23E-01  3.00E+00
 
    46
+        3.00E+00  7.00E+00  0.00E+00  0.00E+00  6.99E+01  6.89E+01  6.89E+01  9.66E-01  8.34E-01  8.34E-01  3.00E+00
 
    47
+        3.00E+00  8.00E+00  0.00E+00  0.00E+00  7.49E+01  7.40E+01  7.40E+01  9.77E-01  8.43E-01  8.43E-01  3.00E+00
 
    48
+        3.00E+00  9.00E+00  0.00E+00  0.00E+00  7.88E+01  7.80E+01  7.80E+01  8.36E-01  7.22E-01  7.22E-01  3.00E+00
 
    49
+        3.00E+00  1.00E+01  0.00E+00  0.00E+00  8.15E+01  8.12E+01  8.12E+01  3.05E-01  2.63E-01  2.63E-01  3.00E+00
 
    50
+        3.00E+00  1.10E+01  0.00E+00  0.00E+00  8.37E+01  8.38E+01  8.38E+01 -1.26E-01 -1.09E-01 -1.09E-01  3.00E+00
 
    51
+        3.00E+00  1.20E+01  0.00E+00  0.00E+00  8.58E+01  8.59E+01  8.59E+01 -8.80E-02 -7.59E-02 -7.59E-02  3.00E+00
 
1

 LINE NO.ID        TIME      MDV       EVID      DV        PRED      IPRED     RES       WRES      CWRES     FORM     
 
    52
+        3.00E+00  1.50E+01  0.00E+00  0.00E+00  8.90E+01  9.04E+01  9.04E+01 -1.43E+00 -1.24E+00 -1.24E+00  3.00E+00
 
    53
+        3.00E+00  1.80E+01  0.00E+00  0.00E+00  9.08E+01  9.32E+01  9.32E+01 -2.39E+00 -2.06E+00 -2.06E+00  3.00E+00
 
    54
+        3.00E+00  2.20E+01  0.00E+00  0.00E+00  9.26E+01  9.55E+01  9.55E+01 -2.87E+00 -2.48E+00 -2.48E+00  3.00E+00
 
 Elapsed finaloutput time in seconds:     0.00
 #CPUT: Total CPU Time in Seconds,        0.040
Stop Time:
Fri Apr 10 16:44:38 HKT 2026
